mode: set
github.com/longtk26/go-ecommerce/tests/basic/main.go:3.26,5.2 1 1
